
> ritual-skill-hub@0.1.0 dev
> next dev --webpack

▲ Next.js 16.2.11 (webpack)
- Local:         http://localhost:3000
- Network:       http://10.24.51.179:3000
✓ Ready in 3.3s
  Skipping creating a lockfile at /root/ritual-skill-hub/ritual-skill-hub/.next/dev/lock because we're using WASM bindings

getaddrinfo ENOTFOUND fonts.googleapis.com

Retrying 1/3...
getaddrinfo ENOTFOUND fonts.googleapis.com

Retrying 2/3...
getaddrinfo ENOTFOUND fonts.googleapis.com

Retrying 3/3...
○ Compiling / ...
Error: getaddrinfo ENOTFOUND fonts.googleapis.com
    at ignore-listed frames {
  errno: -3007,
  code: 'ENOTFOUND',
  syscall: 'getaddrinfo',
  hostname: 'fonts.googleapis.com'
}
⨯ Failed to download `Inter` from Google Fonts. Using fallback font instead.

Failed to fetch `Inter` from Google Fonts.}
WARNING: linker: library "/root/ritual-skill-hub/ritual-skill-hub/node_modules/lightningcss-android-arm64/lightningcss.android-arm64.node" ("/root/ritual-skill-hub/ritual-skill-hub/node_modules/lightningcss-android-arm64/lightningcss.android-arm64.node") needed or dlopened by "/data/data/com.termux/files/usr/bin/node" is not accessible for the namespace: [name="(default)", ld_library_paths="", default_library_paths="/system/lib64:/system_ext/lib64", permitted_paths="/system/lib64/drm:/system/lib64/extractors:/system/lib64/hw:/system_ext/lib64:/system/framework:/system/app:/system/priv-app:/system_ext/framework:/system_ext/app:/system_ext/priv-app:/vendor/framework:/vendor/app:/vendor/priv-app:/system/vendor/framework:/system/vendor/app:/system/vendor/priv-app:/odm/framework:/odm/app:/odm/priv-app:/oem/app:/product/framework:/product/app:/product/priv-app:/data:/mnt/expand:/apex/com.android.runtime/lib64/bionic:/system/lib64/bootstrap"]
⨯ app/layout.tsx
An error occurred in `next/font`.

Error: Cannot find module '../lightningcss.android-arm64.node'
Require stack:
- /root/ritual-skill-hub/ritual-skill-hub/node_modules/lightningcss/node/index.js
- /root/ritual-skill-hub/ritual-skill-hub/node_modules/@tailwindcss/node/dist/index.js
- /root/ritual-skill-hub/ritual-skill-hub/node_modules/@tailwindcss/postcss/dist/index.js
- /root/ritual-skill-hub/ritual-skill-hub/node_modules/next/dist/build/webpack/config/blocks/css/plugins.js
- /root/ritual-skill-hub/ritual-skill-hub/node_modules/next/dist/build/webpack/config/blocks/css/index.js
- /root/ritual-skill-hub/ritual-skill-hub/node_modules/next/dist/build/webpack/config/index.js
- /root/ritual-skill-hub/ritual-skill-hub/node_modules/next/dist/build/webpack-config.js
- /root/ritual-skill-hub/ritual-skill-hub/node_modules/next/dist/server/dev/hot-reloader-webpack.js
- /root/ritual-skill-hub/ritual-skill-hub/node_modules/next/dist/server/lib/router-utils/setup-dev-bundler.js
- /root/ritual-skill-hub/ritual-skill-hub/node_modules/next/dist/server/lib/router-server.js
- /root/ritual-skill-hub/ritual-skill-hub/node_modules/next/dist/server/lib/start-server.js
    at Module._resolveFilename (node:internal/modules/cjs/loader:1568:15)
    at /root/ritual-skill-hub/ritual-skill-hub/node_modules/next/dist/server/require-hook.js:68:36
    at wrapResolveFilename (node:internal/modules/cjs/loader:1122:27)
    at defaultResolveImplForCJSLoading (node:internal/modules/cjs/loader:1146:10)
    at resolveForCJSWithHooks (node:internal/modules/cjs/loader:1173:12)
    at Module._load (node:internal/modules/cjs/loader:1345:5)
    at wrapModuleLoad (node:internal/modules/cjs/loader:260:19)
    at Module.require (node:internal/modules/cjs/loader:1689:12)
    at mod.require (/root/ritual-skill-hub/ritual-skill-hub/node_modules/next/dist/server/require-hook.js:79:28)
    at require (node:internal/modules/helpers:191:16)
    at Object.<anonymous> (/root/ritual-skill-hub/ritual-skill-hub/node_modules/lightningcss/node/index.js:20:12)
    at Module._compile (node:internal/modules/cjs/loader:1944:14)
    at Module._extensions..js (node:internal/modules/cjs/loader:2084:10)
    at Module.load (node:internal/modules/cjs/loader:1666:32)
    at Module._load (node:internal/modules/cjs/loader:1447:12)
    at wrapModuleLoad (node:internal/modules/cjs/loader:260:19)
    at Module.require (node:internal/modules/cjs/loader:1689:12)
    at mod.require (/root/ritual-skill-hub/ritual-skill-hub/node_modules/next/dist/server/require-hook.js:79:28)
    at require (node:internal/modules/helpers:191:16)
    at Object.<anonymous> (/root/ritual-skill-hub/ritual-skill-hub/node_modules/@tailwindcss/node/dist/index.js:15:203)
    at Module._compile (node:internal/modules/cjs/loader:1944:14)
    at Module._extensions..js (node:internal/modules/cjs/loader:2084:10)
    at Module.load (node:internal/modules/cjs/loader:1666:32)
    at Module._load (node:internal/modules/cjs/loader:1447:12)
    at wrapModuleLoad (node:internal/modules/cjs/loader:260:19)
    at Module.require (node:internal/modules/cjs/loader:1689:12)
    at mod.require (/root/ritual-skill-hub/ritual-skill-hub/node_modules/next/dist/server/require-hook.js:79:28)
    at require (node:internal/modules/helpers:191:16)
    at Object.<anonymous> (/root/ritual-skill-hub/ritual-skill-hub/node_modules/@tailwindcss/postcss/dist/index.js:1:1328)
    at Module._compile (node:internal/modules/cjs/loader:1944:14)
    at Module._extensions..js (node:internal/modules/cjs/loader:2084:10)
    at Module.load (node:internal/modules/cjs/loader:1666:32)
    at Module._load (node:internal/modules/cjs/loader:1447:12)
    at wrapModuleLoad (node:internal/modules/cjs/loader:260:19)
    at Module.require (node:internal/modules/cjs/loader:1689:12)
    at mod.require (/root/ritual-skill-hub/ritual-skill-hub/node_modules/next/dist/server/require-hook.js:79:28)
    at require (node:internal/modules/helpers:191:16)
    at /root/ritual-skill-hub/ritual-skill-hub/node_modules/next/dist/build/webpack/config/blocks/css/plugins.js:64:48
    at plugin (/root/ritual-skill-hub/ritual-skill-hub/node_modules/next/dist/build/webpack/config/blocks/css/plugins.js:30:44)
    at Processor.normalize (/root/ritual-skill-hub/ritual-skill-hub/node_modules/next/node_modules/postcss/lib/processor.js:18:13)
    at new Processor (/root/ritual-skill-hub/ritual-skill-hub/node_modules/next/node_modules/postcss/lib/processor.js:11:25)
    at postcss (/root/ritual-skill-hub/ritual-skill-hub/node_modules/next/node_modules/postcss/lib/postcss.js:26:10)
    at /root/ritual-skill-hub/ritual-skill-hub/node_modules/next/dist/build/webpack/config/blocks/css/index.js:128:37
    at async /root/ritual-skill-hub/ritual-skill-hub/node_modules/next/dist/build/webpack/loaders/next-font-loader/index.js:100:33
    at async Span.traceAsyncFn (/root/ritual-skill-hub/ritual-skill-hub/node_modules/next/dist/trace/trace.js:164:20)
getaddrinfo ENOTFOUND fonts.googleapis.com

Retrying 1/3...
getaddrinfo ENOTFOUND fonts.googleapis.com

Retrying 2/3...
getaddrinfo ENOTFOUND fonts.googleapis.com

Retrying 3/3...
Error: getaddrinfo ENOTFOUND fonts.googleapis.com
    at ignore-listed frames {
  errno: -3007,
  code: 'ENOTFOUND',
  syscall: 'getaddrinfo',
  hostname: 'fonts.googleapis.com'
}
⨯ Failed to download `Inter` from Google Fonts. Using fallback font instead.

Failed to fetch `Inter` from Google Fonts.}
